// Jest Snapshot v1, https://goo.gl/fbAQLP

exports[`<AuthStore /> renders correctly 1`] = `
AuthStore {
  "auth0": Object {
    "authorize": [MockFunction],
    "checkSession": [MockFunction],
    "client": Object {
      "userInfo": [MockFunction],
    },
    "logout": [MockFunction],
    "parseHash": [MockFunction],
  },
  "checkSession": [Function],
  "checkSessionInterval": undefined,
  "expiresAt": undefined,
  "getUser": [Function],
  "idToken": undefined,
  "loggedUser": undefined,
  "login": [Function],
  "logout": [Function],
  "logoutTimeout": null,
  "redirect": undefined,
  "settings": Object {
    "clientID": "",
    "domain": "",
    "redirectUri": "http://localhost",
    "responseType": "code",
  },
}
`;
